BL51 BANKED LINKER/LOCATER V6.22                                                        10/25/2019  12:42:57  PAGE 1


BL51 BANKED LINKER/LOCATER V6.22, INVOKED BY:
C:\KEIL_V5_C51\C51\BIN\BL51.EXE .\Objects\STARTUP.obj, .\Objects\main.obj TO .\Objects\blink PRINT (.\Listings\blink.m51
>> ) RAMSIZE (256)


MEMORY MODEL: SMALL


INPUT MODULES INCLUDED:
  .\Objects\STARTUP.obj (?C_STARTUP)
  .\Objects\main.obj (MAIN)


LINK MAP OF MODULE:  .\Objects\blink (?C_STARTUP)


            TYPE    BASE      LENGTH    RELOCATION   SEGMENT NAME
            -----------------------------------------------------

            * * * * * * *   D A T A   M E M O R Y   * * * * * * *
            REG     0000H     0008H     ABSOLUTE     "REG BANK 0"
            IDATA   0008H     0001H     UNIT         ?STACK

            * * * * * * *   C O D E   M E M O R Y   * * * * * * *
            CODE    0000H     0003H     ABSOLUTE     
            CODE    0003H     0030H     UNIT         ?PR?MAIN?MAIN
            CODE    0033H     0017H     UNIT         ?PR?_DELAY?MAIN
            CODE    004AH     000FH     UNIT         ?PR?DELAY100MS?MAIN
            CODE    0059H     000CH     UNIT         ?C_C51STARTUP



OVERLAY MAP OF MODULE:   .\Objects\blink (?C_STARTUP)


SEGMENT
  +--> CALLED SEGMENT
---------------------
?C_C51STARTUP
  +--> ?PR?MAIN?MAIN

?PR?MAIN?MAIN
  +--> ?PR?_DELAY?MAIN

?PR?_DELAY?MAIN
  +--> ?PR?DELAY100MS?MAIN



SYMBOL TABLE OF MODULE:  .\Objects\blink (?C_STARTUP)

  VALUE           TYPE          NAME
  ----------------------------------

  -------         MODULE        ?C_STARTUP
  C:0059H         SEGMENT       ?C_C51STARTUP
  I:0008H         SEGMENT       ?STACK
  C:0000H         PUBLIC        ?C_STARTUP
BL51 BANKED LINKER/LOCATER V6.22                                                      10/25/2019  12:42:57  PAGE 2


  D:00E0H         SYMBOL        ACC
  D:00F0H         SYMBOL        B
  D:0083H         SYMBOL        DPH
  D:0082H         SYMBOL        DPL
  N:0000H         SYMBOL        IBPSTACK
  N:0100H         SYMBOL        IBPSTACKTOP
  N:0080H         SYMBOL        IDATALEN
  C:005CH         SYMBOL        IDATALOOP
  N:0000H         SYMBOL        PBPSTACK
  N:0100H         SYMBOL        PBPSTACKTOP
  N:0000H         SYMBOL        PDATALEN
  N:0000H         SYMBOL        PDATASTART
  N:0000H         SYMBOL        PPAGE
  N:0000H         SYMBOL        PPAGEENABLE
  D:00A0H         SYMBOL        PPAGE_SFR
  D:0081H         SYMBOL        SP
  C:0059H         SYMBOL        STARTUP1
  N:0000H         SYMBOL        XBPSTACK
  N:0000H         SYMBOL        XBPSTACKTOP
  N:0000H         SYMBOL        XDATALEN
  N:0000H         SYMBOL        XDATASTART
  C:0000H         LINE#         126
  C:0059H         LINE#         133
  C:005BH         LINE#         134
  C:005CH         LINE#         135
  C:005DH         LINE#         136
  C:005FH         LINE#         185
  C:0062H         LINE#         196
  -------         ENDMOD        ?C_STARTUP

  -------         MODULE        MAIN
  C:0000H         SYMBOL        _ICE_DUMMY_
  D:0080H         PUBLIC        P0
  D:0090H         PUBLIC        P1
  D:00A0H         PUBLIC        P2
  D:00B0H         PUBLIC        P3
  D:00C0H         PUBLIC        P4
  D:00C8H         PUBLIC        P5
  D:00E8H         PUBLIC        P6
  D:00F8H         PUBLIC        P7
  D:00A8H         PUBLIC        IE
  C:0037H         PUBLIC        _delay
  D:00B8H         PUBLIC        IP
  D:00D8H         PUBLIC        CCON
  C:0003H         PUBLIC        main
  B:0090H.1       PUBLIC        P11
  B:0090H.2       PUBLIC        P12
  D:0098H         PUBLIC        SCON
  B:0090H.3       PUBLIC        P13
  D:0088H         PUBLIC        TCON
  B:00B0H.2       PUBLIC        P32
  B:0090H.4       PUBLIC        P14
  B:00B0H.3       PUBLIC        P33
  B:0090H.5       PUBLIC        P15
  B:00C8H.4       PUBLIC        P54
  B:00B0H.6       PUBLIC        P36
  B:00C8H.5       PUBLIC        P55
BL51 BANKED LINKER/LOCATER V6.22                                                      10/25/2019  12:42:57  PAGE 3


  B:00B0H.7       PUBLIC        P37
  C:004AH         PUBLIC        Delay100ms
  D:00D0H         PUBLIC        PSW
  -------         PROC          DELAY100MS
  -------         DO            
  D:0007H         SYMBOL        i
  D:0006H         SYMBOL        j
  D:0005H         SYMBOL        k
  -------         ENDDO         
  C:004AH         LINE#         4
  C:004AH         LINE#         5
  C:004AH         LINE#         8
  C:004BH         LINE#         9
  C:004CH         LINE#         10
  C:004EH         LINE#         11
  C:0050H         LINE#         12
  C:0052H         LINE#         14
  C:0052H         LINE#         16
  C:0052H         LINE#         17
  C:0054H         LINE#         18
  C:0056H         LINE#         19
  C:0058H         LINE#         20
  -------         ENDPROC       DELAY100MS
  C:0033H         SYMBOL        L?0018
  -------         PROC          L?0017
  -------         ENDPROC       L?0017
  C:0033H         SYMBOL        L?0018
  -------         PROC          _DELAY
  D:0002H         SYMBOL        i
  C:0037H         LINE#         24
  C:003BH         LINE#         25
  C:003BH         LINE#         26
  C:003FH         LINE#         27
  C:0047H         LINE#         28
  C:0049H         LINE#         29
  -------         ENDPROC       _DELAY
  -------         PROC          MAIN
  C:0003H         LINE#         31
  C:0003H         LINE#         32
  C:0003H         LINE#         34
  C:0005H         LINE#         35
  C:0007H         LINE#         36
  C:0009H         LINE#         37
  C:000BH         LINE#         38
  C:000DH         LINE#         39
  C:000FH         LINE#         40
  C:0011H         LINE#         41
  C:0013H         LINE#         42
  C:0013H         LINE#         43
  C:0015H         LINE#         44
  C:0018H         LINE#         45
  C:001AH         LINE#         46
  C:001DH         LINE#         48
  C:001FH         LINE#         49
  C:0022H         LINE#         50
  C:0024H         LINE#         51
  C:0027H         LINE#         53
BL51 BANKED LINKER/LOCATER V6.22                                                      10/25/2019  12:42:57  PAGE 4


  C:0029H         LINE#         54
  C:002CH         LINE#         55
  C:002EH         LINE#         56
  C:0031H         LINE#         58
  -------         ENDPROC       MAIN
  -------         ENDMOD        MAIN

Program Size: data=9.0 xdata=0 code=101
LINK/LOCATE RUN COMPLETE.  0 WARNING(S),  0 ERROR(S)
