BL51 BANKED LINKER/LOCATER V6.22                                                        10/25/2019  13:03:35  PAGE 1


BL51 BANKED LINKER/LOCATER V6.22, INVOKED BY:
C:\KEIL_V5_C51\C51\BIN\BL51.EXE .\Objects\STARTUP.obj, .\Objects\main.obj TO .\Objects\uart2 PRINT (.\Listings\uart2.m51
>> ) RAMSIZE (256)


MEMORY MODEL: SMALL


INPUT MODULES INCLUDED:
  .\Objects\STARTUP.obj (?C_STARTUP)
  .\Objects\main.obj (MAIN)
  C:\KEIL_V5_C51\C51\LIB\C51S.LIB (?C?CLDPTR)


LINK MAP OF MODULE:  .\Objects\uart2 (?C_STARTUP)


            TYPE    BASE      LENGTH    RELOCATION   SEGMENT NAME
            -----------------------------------------------------

            * * * * * * *   D A T A   M E M O R Y   * * * * * * *
            REG     0000H     0008H     ABSOLUTE     "REG BANK 0"
            DATA    0008H     0003H     UNIT         _DATA_GROUP_
                    000BH     0015H                  *** GAP ***
            BIT     0020H.0   0000H.1   UNIT         ?BI?MAIN
                    0020H.1   0000H.7                *** GAP ***
            IDATA   0021H     0001H     UNIT         ?STACK

            * * * * * * *   C O D E   M E M O R Y   * * * * * * *
            CODE    0000H     0003H     ABSOLUTE     
            CODE    0003H     001CH     UNIT         ?CO?MAIN
                    001FH     0004H                  *** GAP ***
            CODE    0023H     0003H     ABSOLUTE     
            CODE    0026H     0047H     UNIT         ?PR?MAIN?MAIN
            CODE    006DH     0025H     UNIT         ?PR?_SENDSTRING?MAIN
            CODE    0092H     0019H     UNIT         ?C?LIB_CODE
            CODE    00ABH     0018H     UNIT         ?PR?UART?MAIN
            CODE    00C3H     0012H     UNIT         ?PR?_SENDDATA?MAIN
            CODE    00D5H     000CH     UNIT         ?C_C51STARTUP



OVERLAY MAP OF MODULE:   .\Objects\uart2 (?C_STARTUP)


SEGMENT                          DATA_GROUP 
  +--> CALLED SEGMENT          START    LENGTH
----------------------------------------------
?C_C51STARTUP                  -----    -----
  +--> ?PR?MAIN?MAIN

?PR?MAIN?MAIN                  -----    -----
  +--> ?CO?MAIN
  +--> ?PR?_SENDSTRING?MAIN

?PR?_SENDSTRING?MAIN           0008H    0003H
  +--> ?PR?_SENDDATA?MAIN

BL51 BANKED LINKER/LOCATER V6.22                                                      10/25/2019  13:03:35  PAGE 2




SYMBOL TABLE OF MODULE:  .\Objects\uart2 (?C_STARTUP)

  VALUE           TYPE          NAME
  ----------------------------------

  -------         MODULE        ?C_STARTUP
  C:00D5H         SEGMENT       ?C_C51STARTUP
  I:0021H         SEGMENT       ?STACK
  C:0000H         PUBLIC        ?C_STARTUP
  D:00E0H         SYMBOL        ACC
  D:00F0H         SYMBOL        B
  D:0083H         SYMBOL        DPH
  D:0082H         SYMBOL        DPL
  N:0000H         SYMBOL        IBPSTACK
  N:0100H         SYMBOL        IBPSTACKTOP
  N:0080H         SYMBOL        IDATALEN
  C:00D8H         SYMBOL        IDATALOOP
  N:0000H         SYMBOL        PBPSTACK
  N:0100H         SYMBOL        PBPSTACKTOP
  N:0000H         SYMBOL        PDATALEN
  N:0000H         SYMBOL        PDATASTART
  N:0000H         SYMBOL        PPAGE
  N:0000H         SYMBOL        PPAGEENABLE
  D:00A0H         SYMBOL        PPAGE_SFR
  D:0081H         SYMBOL        SP
  C:00D5H         SYMBOL        STARTUP1
  N:0000H         SYMBOL        XBPSTACK
  N:0000H         SYMBOL        XBPSTACKTOP
  N:0000H         SYMBOL        XDATALEN
  N:0000H         SYMBOL        XDATASTART
  C:0000H         LINE#         126
  C:00D5H         LINE#         133
  C:00D7H         LINE#         134
  C:00D8H         LINE#         135
  C:00D9H         LINE#         136
  C:00DBH         LINE#         185
  C:00DEH         LINE#         196
  -------         ENDMOD        ?C_STARTUP

  -------         MODULE        MAIN
  C:0000H         SYMBOL        _ICE_DUMMY_
  D:0092H         PUBLIC        P1M0
  D:0093H         PUBLIC        P0M1
  D:0096H         PUBLIC        P2M0
  D:0091H         PUBLIC        P1M1
  D:0080H         PUBLIC        P0
  D:00B2H         PUBLIC        P3M0
  D:0095H         PUBLIC        P2M1
  D:00B4H         PUBLIC        P4M0
  D:00B1H         PUBLIC        P3M1
  D:00A0H         PUBLIC        P2
  D:00CAH         PUBLIC        P5M0
  D:00B3H         PUBLIC        P4M1
  D:00CCH         PUBLIC        P6M0
  D:00C9H         PUBLIC        P5M1
BL51 BANKED LINKER/LOCATER V6.22                                                      10/25/2019  13:03:35  PAGE 3


  D:00E2H         PUBLIC        P7M0
  D:00CBH         PUBLIC        P6M1
  D:00E1H         PUBLIC        P7M1
  B:00A8H.7       PUBLIC        EA
  C:006DH         PUBLIC        _SendString
  C:00C3H         PUBLIC        _SendData
  D:00A2H         PUBLIC        P_SW1
  B:00A8H.4       PUBLIC        ES
  B:0098H.0       PUBLIC        RI
  B:0098H.1       PUBLIC        TI
  C:00ABH         PUBLIC        Uart
  C:0026H         PUBLIC        main
  D:0099H         PUBLIC        SBUF
  B:00A0H.2       PUBLIC        P22
  D:0098H         PUBLIC        SCON
  D:0089H         PUBLIC        TMOD
  D:008EH         PUBLIC        AUXR
  B:0020H.0       PUBLIC        busy
  D:00E0H         PUBLIC        ACC
  B:0098H.2       PUBLIC        RB8
  D:008DH         PUBLIC        TH1
  B:0098H.3       PUBLIC        TB8
  B:00D0H.0       PUBLIC        P
  D:008BH         PUBLIC        TL1
  B:0088H.6       PUBLIC        TR1
  D:0094H         PUBLIC        P0M0
  -------         PROC          MAIN
  C:0026H         LINE#         65
  C:0026H         LINE#         66
  C:0026H         LINE#         67
  C:0029H         LINE#         68
  C:002BH         LINE#         69
  C:002DH         LINE#         70
  C:002FH         LINE#         71
  C:0031H         LINE#         72
  C:0033H         LINE#         73
  C:0035H         LINE#         74
  C:0037H         LINE#         75
  C:0039H         LINE#         76
  C:003BH         LINE#         77
  C:003DH         LINE#         78
  C:003FH         LINE#         79
  C:0041H         LINE#         80
  C:0043H         LINE#         81
  C:0045H         LINE#         82
  C:0047H         LINE#         84
  C:0049H         LINE#         85
  C:004BH         LINE#         86
  C:004DH         LINE#         101
  C:0050H         LINE#         106
  C:0053H         LINE#         107
  C:0056H         LINE#         108
  C:0059H         LINE#         109
  C:005CH         LINE#         110
  C:005EH         LINE#         111
  C:0060H         LINE#         112
  C:0062H         LINE#         114
BL51 BANKED LINKER/LOCATER V6.22                                                      10/25/2019  13:03:35  PAGE 4


  C:006BH         LINE#         115
  -------         ENDPROC       MAIN
  -------         PROC          UART
  C:00ABH         LINE#         121
  C:00ADH         LINE#         123
  C:00B0H         LINE#         124
  C:00B0H         LINE#         125
  C:00B2H         LINE#         126
  C:00B5H         LINE#         127
  C:00B9H         LINE#         128
  C:00B9H         LINE#         129
  C:00BCH         LINE#         130
  C:00BCH         LINE#         131
  C:00BEH         LINE#         132
  C:00C0H         LINE#         133
  C:00C0H         LINE#         134
  -------         ENDPROC       UART
  -------         PROC          _SENDDATA
  D:0007H         SYMBOL        dat
  C:00C3H         LINE#         139
  C:00C3H         LINE#         140
  C:00C3H         LINE#         141
  C:00C6H         LINE#         142
  C:00C7H         LINE#         143
  C:00CAH         LINE#         144
  C:00CAH         LINE#         148
  C:00CCH         LINE#         150
  C:00CEH         LINE#         152
  C:00CEH         LINE#         156
  C:00D0H         LINE#         158
  C:00D0H         LINE#         159
  C:00D2H         LINE#         160
  C:00D4H         LINE#         161
  -------         ENDPROC       _SENDDATA
  -------         PROC          _SENDSTRING
  D:0008H         SYMBOL        s
  C:006DH         LINE#         166
  C:0073H         LINE#         167
  C:0073H         LINE#         168
  C:007EH         LINE#         169
  C:007EH         LINE#         170
  C:008FH         LINE#         171
  C:0091H         LINE#         172
  -------         ENDPROC       _SENDSTRING
  -------         ENDMOD        MAIN

  -------         MODULE        ?C?CLDPTR
  C:0092H         PUBLIC        ?C?CLDPTR
  -------         ENDMOD        ?C?CLDPTR

Program Size: data=12.1 xdata=0 code=221
LINK/LOCATE RUN COMPLETE.  0 WARNING(S),  0 ERROR(S)
