BL51 BANKED LINKER/LOCATER V6.22                                                        10/25/2019  13:00:29  PAGE 1


BL51 BANKED LINKER/LOCATER V6.22, INVOKED BY:
C:\KEIL_V5_C51\C51\BIN\BL51.EXE .\Objects\STARTUP.obj, .\Objects\maiin.obj TO .\Objects\uart PRINT (.\Listings\uart.m51)
>>  RAMSIZE (256)


MEMORY MODEL: SMALL


INPUT MODULES INCLUDED:
  .\Objects\STARTUP.obj (?C_STARTUP)
  .\Objects\maiin.obj (MAIIN)


LINK MAP OF MODULE:  .\Objects\uart (?C_STARTUP)


            TYPE    BASE      LENGTH    RELOCATION   SEGMENT NAME
            -----------------------------------------------------

            * * * * * * *   D A T A   M E M O R Y   * * * * * * *
            REG     0000H     0008H     ABSOLUTE     "REG BANK 0"
            DATA    0008H     0001H     UNIT         ?DT?MAIIN
            IDATA   0009H     0001H     UNIT         ?STACK

            * * * * * * *   C O D E   M E M O R Y   * * * * * * *
            CODE    0000H     0003H     ABSOLUTE     
            CODE    0003H     0018H     UNIT         ?PR?INITUART?MAIIN
                    001BH     0008H                  *** GAP ***
            CODE    0023H     0003H     ABSOLUTE     
            CODE    0026H     002AH     UNIT         ?PR?MAIN?MAIIN
            CODE    0050H     0024H     UNIT         ?PR?UART?MAIIN
            CODE    0074H     000CH     UNIT         ?C_C51STARTUP



OVERLAY MAP OF MODULE:   .\Objects\uart (?C_STARTUP)


SEGMENT
  +--> CALLED SEGMENT
---------------------
?C_C51STARTUP
  +--> ?PR?MAIN?MAIIN

?PR?MAIN?MAIIN
  +--> ?PR?INITUART?MAIIN



SYMBOL TABLE OF MODULE:  .\Objects\uart (?C_STARTUP)

  VALUE           TYPE          NAME
  ----------------------------------

  -------         MODULE        ?C_STARTUP
  C:0074H         SEGMENT       ?C_C51STARTUP
  I:0009H         SEGMENT       ?STACK
  C:0000H         PUBLIC        ?C_STARTUP
BL51 BANKED LINKER/LOCATER V6.22                                                      10/25/2019  13:00:29  PAGE 2


  D:00E0H         SYMBOL        ACC
  D:00F0H         SYMBOL        B
  D:0083H         SYMBOL        DPH
  D:0082H         SYMBOL        DPL
  N:0000H         SYMBOL        IBPSTACK
  N:0100H         SYMBOL        IBPSTACKTOP
  N:0080H         SYMBOL        IDATALEN
  C:0077H         SYMBOL        IDATALOOP
  N:0000H         SYMBOL        PBPSTACK
  N:0100H         SYMBOL        PBPSTACKTOP
  N:0000H         SYMBOL        PDATALEN
  N:0000H         SYMBOL        PDATASTART
  N:0000H         SYMBOL        PPAGE
  N:0000H         SYMBOL        PPAGEENABLE
  D:00A0H         SYMBOL        PPAGE_SFR
  D:0081H         SYMBOL        SP
  C:0074H         SYMBOL        STARTUP1
  N:0000H         SYMBOL        XBPSTACK
  N:0000H         SYMBOL        XBPSTACKTOP
  N:0000H         SYMBOL        XDATALEN
  N:0000H         SYMBOL        XDATASTART
  C:0000H         LINE#         126
  C:0074H         LINE#         133
  C:0076H         LINE#         134
  C:0077H         LINE#         135
  C:0078H         LINE#         136
  C:007AH         LINE#         185
  C:007DH         LINE#         196
  -------         ENDMOD        ?C_STARTUP

  -------         MODULE        MAIIN
  C:0000H         SYMBOL        _ICE_DUMMY_
  D:0092H         PUBLIC        P1M0
  D:0093H         PUBLIC        P0M1
  D:0096H         PUBLIC        P2M0
  D:0091H         PUBLIC        P1M1
  D:00B2H         PUBLIC        P3M0
  D:0095H         PUBLIC        P2M1
  D:00B4H         PUBLIC        P4M0
  D:00B1H         PUBLIC        P3M1
  D:00CAH         PUBLIC        P5M0
  D:00B3H         PUBLIC        P4M1
  D:00CCH         PUBLIC        P6M0
  D:00C9H         PUBLIC        P5M1
  D:00E2H         PUBLIC        P7M0
  D:00CBH         PUBLIC        P6M1
  D:00E1H         PUBLIC        P7M1
  B:00A8H.7       PUBLIC        EA
  B:00A8H.4       PUBLIC        ES
  B:0098H.0       PUBLIC        RI
  B:0098H.1       PUBLIC        TI
  C:0050H         PUBLIC        Uart
  C:0026H         PUBLIC        main
  D:0008H         PUBLIC        count
  D:0099H         PUBLIC        SBUF
  D:0098H         PUBLIC        SCON
  C:0003H         PUBLIC        InitUart
BL51 BANKED LINKER/LOCATER V6.22                                                      10/25/2019  13:00:29  PAGE 3


  D:0089H         PUBLIC        TMOD
  D:008EH         PUBLIC        AUXR
  D:008DH         PUBLIC        TH1
  D:008BH         PUBLIC        TL1
  B:0098H.5       PUBLIC        SM2
  B:0088H.6       PUBLIC        TR1
  D:00B9H         PUBLIC        SADEN
  D:00A9H         PUBLIC        SADDR
  D:0094H         PUBLIC        P0M0
  -------         PROC          MAIN
  C:0026H         LINE#         70
  C:0026H         LINE#         71
  C:0026H         LINE#         72
  C:0029H         LINE#         73
  C:002BH         LINE#         74
  C:002DH         LINE#         75
  C:002FH         LINE#         76
  C:0031H         LINE#         77
  C:0033H         LINE#         78
  C:0035H         LINE#         79
  C:0037H         LINE#         80
  C:0039H         LINE#         81
  C:003BH         LINE#         82
  C:003DH         LINE#         83
  C:003FH         LINE#         84
  C:0041H         LINE#         85
  C:0043H         LINE#         86
  C:0045H         LINE#         87
  C:0047H         LINE#         89
  C:004AH         LINE#         90
  C:004CH         LINE#         91
  C:004EH         LINE#         92
  -------         ENDPROC       MAIN
  -------         PROC          UART
  C:0050H         LINE#         98
  C:0052H         LINE#         100
  C:0055H         LINE#         101
  C:0055H         LINE#         102
  C:0057H         LINE#         103
  C:005BH         LINE#         104
  C:005BH         LINE#         105
  C:005DH         LINE#         106
  C:0060H         LINE#         107
  C:0062H         LINE#         109
  C:0062H         LINE#         110
  C:0064H         LINE#         111
  C:0064H         LINE#         112
  C:0064H         LINE#         113
  C:0067H         LINE#         114
  C:0067H         LINE#         115
  C:0069H         LINE#         116
  C:006BH         LINE#         117
  C:006EH         LINE#         118
  C:0071H         LINE#         119
  C:0071H         LINE#         120
  -------         ENDPROC       UART
  -------         PROC          INITUART
BL51 BANKED LINKER/LOCATER V6.22                                                      10/25/2019  13:00:29  PAGE 4


  C:0003H         LINE#         125
  C:0003H         LINE#         126
  C:0003H         LINE#         127
  C:0006H         LINE#         128
  C:0009H         LINE#         129
  C:000CH         LINE#         142
  C:000FH         LINE#         143
  C:0012H         LINE#         144
  C:0018H         LINE#         145
  C:001AH         LINE#         147
  -------         ENDPROC       INITUART
  -------         ENDMOD        MAIIN

Program Size: data=10.0 xdata=0 code=120
LINK/LOCATE RUN COMPLETE.  0 WARNING(S),  0 ERROR(S)
